// Jest Snapshot v1, https://goo.gl/fbAQLP

exports[`config - user loads from package.json 1`] = `
Object {
  "customConfig": Object {
    "entry": "src/main.js",
    "webpack": Object {
      "devtool": "eval",
    },
  },
  "customPkg": Object {
    "custom": true,
  },
  "entry": "src/main.js",
  "pkg": Object {
    "aegir": Object {
      "custom": true,
    },
    "name": "example",
  },
}
`;
