// Jest Snapshot v1, https://goo.gl/fbAQLP

exports[`config - webpack custom configs 1`] = `
Object {
  "devtool": "eval",
  "entry": Array [
    "src/main.js",
  ],
  "node": Object {
    "Buffer": true,
  },
  "output": Object {
    "filename": "main.js",
    "library": "Example",
    "path": "dist",
  },
  "performance": Object {
    "hints": false,
  },
  "plugins": Array [
    DefinePlugin {
      "definitions": Object {
        "process.env": Object {
          "NODE_ENV": "production",
        },
      },
    },
  ],
  "resolve": Object {
    "alias": Object {
      "http": "stream-http",
      "zlib": "browserify-zlib",
    },
    "modules": Array [
      "node_modules",
      "aegir/node_modules",
    ],
  },
  "resolveLoader": Object {
    "moduleExtensions": Array [
      "-loader",
    ],
    "modules": Array [
      "node_modules",
      "aegir/node_modules",
    ],
  },
  "target": "web",
}
`;
